// Jest Snapshot v1, https://goo.gl/fbAQLP

exports[`polycracker has the right exports 1`] = `
Array [
  "Any",
  "createAbstractFn",
  "id",
  "withValue",
  "acc",
  "mapAcc",
  "uncurry",
  "cond",
  "maybe",
  "maybeType",
  "maybeVal",
  "maybePass",
  "either",
  "eitherType",
  "eitherPass",
  "eitherVal",
  "match",
  "opt",
  "Type",
  "createBaseType",
  "createType",
  "typeOf",
  "isType",
  "isPrimitive",
  "notNull",
  "map",
  "flatMap",
  "ap",
  "add",
  "sub",
  "mult",
  "div",
  "first",
  "last",
  "slice",
  "tail",
  "startsWith",
  "endsWith",
  "includes",
  "includedIn",
  "filter",
  "len",
  "reverse",
  "empty",
  "zip",
  "every",
  "some",
  "sort",
  "append",
  "appendTo",
  "repeat",
  "weight",
  "lt",
  "lte",
  "gt",
  "gte",
  "eq",
  "similarTo",
  "order",
  "and",
  "or",
  "not",
  "collectInto",
  "iterable",
  "cycle",
  "Maybe",
  "Some",
  "Nothing",
  "Either",
  "Left",
  "Right",
]
`;
